// Jest Snapshot v1, https://goo.gl/fbAQLP

exports[`Jitsi component render unit test 1`] = `
<div
  style={
    Object {
      "height": "100%",
      "width": "100%",
    }
  }
>
  <p>
    Loading ...
  </p>
  <div
    id="jitsi-container"
    style={
      Object {
        "display": "none",
        "height": "100%",
        "width": "100%",
      }
    }
  />
</div>
`;
