// Jest Snapshot v1, https://goo.gl/fbAQLP

exports[`render unit test 1`] = `
<div
  onClick={[Function]}
/>
`;
